
> minimaster@1.0.0 build
> tsc -p tsconfig.json

